Traceback (most recent call last):
  File "test_ftp_sftp.py", line 19, in <module>
    import paramiko
ModuleNotFoundError: No module named 'paramiko'
